// Jest Snapshot v1, https://goo.gl/fbAQLP

exports[`<Main /> should render correctly 1`] = `
<main>
  <h1>
    React Avan√ßado
  </h1>
  <p>
    Testando o fixup 01
  </p>
</main>
`;
